[backblue.gif]
[fade.gif]
[index.html]
[index-2.html]
[en.html]
[assets/application-4bd4e5c3b7fac3bc6d231d5a4a0bbc53.css]
[assets/logo-4baf31e06037ae15f0502502bf5b8170.png]
[assets/mblt_13-58c19be13fba20ed455011ae6d95c804.png]
[assets/mblt_12-8a51afd02c00e001bdce1c24a93a55cf.png]
[en/speakers.html]
[en/timetable.html]
[en/news.html]
[en/contacts.html]
[assets/banner-a75b390bc28ab7bfe166ae406b30faec.png]
[ru.html]
[assets/clouds-08b2ded70f4a31d8f33e2108758a0645.png]
[assets/text-dba0033291ba1c022553d8a2f091e911.png]
[assets/report/beloded.jpg]
[assets/report/1.jpg]
[assets/report/2.jpg]
[assets/report/3.jpg]
[hphotos-xpf1/t1.0-9/10414521_603666616396680_147033563446942498_n.jpg]
[mblt.shared/mblt2014/shared/system/partner_logos/2/medium/raekbfa7.png]
[mblt.shared/mblt2014/shared/system/partner_logos/10/medium/operalogo2a3f.png]
[mblt.shared/mblt2014/shared/system/partner_logos/4/medium/digitaloctober7a89.png]
[mblt.shared/mblt2014/shared/system/partner_logos/5/medium/aviasales210a5.png]
[mblt.shared/mblt2014/shared/system/partner_logos/28/medium/paypal203db.png]
[mblt.shared/mblt2014/shared/system/partner_logos/29/medium/at-internetda5c.png]
[mblt.shared/mblt2014/shared/system/partner_logos/20/medium/inmedia0e28.png]
[mblt.shared/mblt2014/shared/system/partner_logos/6/thumb/Linko_logo_250px_transp401c.png]
[mblt.shared/mblt2014/shared/system/partner_logos/8/thumb/camerjam_logo_whiteFINAL_1a53e.png]
[mblt.shared/mblt2014/shared/system/partner_logos/22/thumb/dz56ba.png]
[mblt.shared/mblt2014/shared/system/partner_logos/36/thumb/mlove28ea.png]
[mblt.shared/mblt2014/shared/system/partner_logos/15/thumb/iguides531c.png]
[mblt.shared/mblt2014/shared/system/partner_logos/31/thumb/bfm2abf.png]
[mblt.shared/mblt2014/shared/system/partner_logos/21/thumb/bsimple130c.png]
[mblt.shared/mblt2014/shared/system/partner_logos/17/thumb/pruffid48e.png]
[mblt.shared/mblt2014/shared/system/partner_logos/11/thumb/interfaxfded.png]
[mblt.shared/mblt2014/shared/system/partner_logos/12/thumb/The-Moscow-Times-logo9520.png]
[mblt.shared/mblt2014/shared/system/partner_logos/13/thumb/cmsmagazineaa42.png]
[mblt.shared/mblt2014/shared/system/partner_logos/14/thumb/apparat_logo8f46.png]
[mblt.shared/mblt2014/shared/system/partner_logos/16/thumb/itsob_logo_quad-01b9ae.png]
[mblt.shared/mblt2014/shared/system/partner_logos/18/thumb/PR_Group_mskit838e.png]
[mblt.shared/mblt2014/shared/system/partner_logos/19/thumb/apps4all8076.png]
[mblt.shared/mblt2014/shared/system/partner_logos/25/thumb/mdday0638.png]
[mblt.shared/mblt2014/shared/system/partner_logos/26/thumb/vesti9d63.png]
[mblt.shared/mblt2014/shared/system/partner_logos/30/thumb/kp26a3.png]
[mblt.shared/mblt2014/shared/system/partner_logos/32/thumb/cnews0137.png]
[mblt.shared/mblt2014/shared/system/partner_logos/33/thumb/gazeta7d80.png]
[mblt.shared/mblt2014/shared/system/partner_logos/34/thumb/dhr9842.png]
[mblt.shared/mblt2014/shared/system/partner_logos/35/thumb/lookatmedia5cf0.png]
[mblt.shared/mblt2014/shared/system/partner_logos/39/thumb/Logo1_PNG7c7d.png]
[mblt.shared/mblt2014/shared/system/partner_logos/40/thumb/comnews8940.png]
[mblt.shared/mblt2014/shared/system/partner_logos/41/thumb/mobiads3679.png]
[mblt.shared/mblt2014/shared/system/partner_logos/42/thumb/2gis526d.png]
[mblt.shared/mblt2014/shared/system/partner_logos/43/thumb/superjob27fae.png]
[mblt.shared/mblt2014/shared/system/partner_logos/44/thumb/hse-inc_logof7bd.png]
[mblt.shared/mblt2014/shared/system/partner_logos/23/thumb/ru_center_b2d87a.png]
[mblt.shared/mblt2014/shared/system/partner_logos/7/thumb/uber_lockup_black740c.png]
[mblt.shared/mblt2014/shared/system/partner_logos/27/thumb/runet-ide0a9.png]
[mblt.shared/mblt2014/shared/system/partner_logos/9/thumb/Mercure_MOW_Bah_Logo5413.png]
[mblt.shared/mblt2014/shared/system/partner_logos/37/thumb/zharimkofe284e.png]
[assets/footer-logo-fc99fa3b08bb2a8ede9b029f19d55db1.png]
[en.html]
[fonts/PFDinTextCompPro-Medium.eot]
[fonts/PFDinTextCompPro-Medium.woff]
[fonts/PFDinTextCompPro-Medium.ttf]
[fonts/PFDinTextCompPro-Medium.svg]
[assets/icons/ico-ticket.png]
[assets/icons/ico-arrow.png]
[assets/icons/ico-error.png]
[assets/flag.png]
[assets/report/full_report_bg.png]
[assets/report/arrow_down.png]
[assets/report/arrow_up.png]
[assets/report/photos.png]
[assets/report/videos.png]
[assets/report/presentation.png]
[assets/application-4bd4e5c3b7fac3bc6d231d5a4a0bbc53.css]
[ru/speakers.html]
[mblt.shared/mblt2014/shared/system/speaker_logos/56/big_thumb/kolondraba74.png]
[mblt.shared/mblt2014/shared/system/speaker_company_logos/56/big_thumb/operalogoc1b8.png]
[mblt.shared/mblt2014/shared/system/speaker_logos/26/big_thumb/kozlovc82e.jpg]
[mblt.shared/mblt2014/shared/system/speaker_company_logos/26/big_thumb/aviasales30f4.png]
[mblt.shared/mblt2014/shared/system/speaker_company_logos/29/big_thumb/opera_mediaworks680a.jpg]
[mblt.shared/mblt2014/shared/system/speaker_logos/30/big_thumb/LL7A7522c511.jpg]
[mblt.shared/mblt2014/shared/system/speaker_company_logos/30/big_thumb/link_unlimafa6.png]
[mblt.shared/mblt2014/shared/system/speaker_logos/60/big_thumb/Raevskiy05f8.png]
[mblt.shared/mblt2014/shared/system/speaker_company_logos/60/big_thumb/lamoda14da.jpg]
[mblt.shared/mblt2014/shared/system/speaker_logos/42/big_thumb/treneva7058.jpg]
[mblt.shared/mblt2014/shared/system/speaker_company_logos/42/big_thumb/logo-facebook-21750.png]
[mblt.shared/mblt2014/shared/system/speaker_logos/68/big_thumb/Korolevfef9.jpg]
[mblt.shared/mblt2014/shared/system/speaker_company_logos/68/big_thumb/slickjumpe8b3.jpg]
[mblt.shared/mblt2014/shared/system/speaker_logos/48/big_thumb/filippovb5f8.jpg]
[mblt.shared/mblt2014/shared/system/speaker_company_logos/48/big_thumb/spbtv07cd.jpg]
[mblt.shared/mblt2014/shared/system/speaker_logos/63/big_thumb/Plushevskiyb806.jpg]
[mblt.shared/mblt2014/shared/system/speaker_company_logos/63/big_thumb/addinappb806.jpg]
[mblt.shared/mblt2014/shared/system/speaker_logos/40/big_thumb/harald2fab.jpg]
[mblt.shared/mblt2014/shared/system/speaker_company_logos/40/big_thumb/mlove1973.png]
[mblt.shared/mblt2014/shared/system/speaker_logos/53/big_thumb/ee801da46480595c45eaa8c40471ac7c7006f3f4b1a6.jpg]
[mblt.shared/mblt2014/shared/system/speaker_company_logos/53/big_thumb/Rambler_logof4b3.jpg]
[mblt.shared/mblt2014/shared/system/speaker_logos/34/big_thumb/Konopleva72a.png]
[mblt.shared/mblt2014/shared/system/speaker_company_logos/34/big_thumb/Airbnb-logoaa52.png]
[mblt.shared/mblt2014/shared/system/speaker_logos/55/big_thumb/beloded6435.png]
[mblt.shared/mblt2014/shared/system/speaker_company_logos/55/big_thumb/logo-16251aff7d277d7ce354a72c61d3e1e9bd07.png]
[mblt.shared/mblt2014/shared/system/speaker_logos/32/big_thumb/Pedgeon73cf.jpg]
[mblt.shared/mblt2014/shared/system/speaker_company_logos/32/big_thumb/DistimoCorporate1000px_0289c.png]
[mblt.shared/mblt2014/shared/system/speaker_logos/21/big_thumb/makeev89e9.png]
[mblt.shared/mblt2014/shared/system/speaker_company_logos/21/big_thumb/opera-software-logo-01-2000fc27.jpg]
[mblt.shared/mblt2014/shared/system/speaker_logos/28/big_thumb/2168_50294424292_4196_n648d.jpg]
[mblt.shared/mblt2014/shared/system/speaker_company_logos/28/big_thumb/Dentsu-logo3edb.png]
[mblt.shared/mblt2014/shared/system/speaker_logos/50/big_thumb/чикуновeb90.jpg]
[mblt.shared/mblt2014/shared/system/speaker_company_logos/50/big_thumb/Rambler_logob608.jpg]
[mblt.shared/mblt2014/shared/system/speaker_logos/66/big_thumb/elenskiy096a.png]
[mblt.shared/mblt2014/shared/system/speaker_company_logos/66/big_thumb/logo-alfa-bank488c.jpg]
[mblt.shared/mblt2014/shared/system/speaker_logos/61/big_thumb/abdulnasyrov8988.jpg]
[mblt.shared/mblt2014/shared/system/speaker_company_logos/61/big_thumb/lingualeo8988.jpg]
[mblt.shared/mblt2014/shared/system/speaker_logos/45/big_thumb/osterdahlb2da.png]
[mblt.shared/mblt2014/shared/system/speaker_company_logos/45/big_thumb/spotifylogo56c1.png]
[mblt.shared/mblt2014/shared/system/speaker_logos/58/big_thumb/maksimov77ad.jpg]
[mblt.shared/mblt2014/shared/system/speaker_company_logos/58/big_thumb/comindwared876.png]
[mblt.shared/mblt2014/shared/system/speaker_logos/33/big_thumb/tarasov302f.png]
[mblt.shared/mblt2014/shared/system/speaker_company_logos/33/big_thumb/XK641d.png]
[mblt.shared/mblt2014/shared/system/speaker_logos/67/big_thumb/zaichenkoedef.jpg]
[mblt.shared/mblt2014/shared/system/speaker_company_logos/67/big_thumb/zenna-apps568d.png]
[mblt.shared/mblt2014/shared/system/speaker_logos/64/big_thumb/bogolyubov3179.jpg]
[mblt.shared/mblt2014/shared/system/speaker_company_logos/64/big_thumb/apptractor3ea2.jpg]
[mblt.shared/mblt2014/shared/system/speaker_logos/38/big_thumb/000132210dbb.jpg]
[mblt.shared/mblt2014/shared/system/speaker_logos/52/big_thumb/yakushev50d2.jpg]
[mblt.shared/mblt2014/shared/system/speaker_company_logos/52/big_thumb/imagesee59.jpg]
[mblt.shared/mblt2014/shared/system/speaker_logos/24/big_thumb/josephe651.jpg]
[mblt.shared/mblt2014/shared/system/speaker_company_logos/24/big_thumb/DT421d.jpg]
[mblt.shared/mblt2014/shared/system/speaker_logos/22/big_thumb/dressel7b9f.jpg]
[mblt.shared/mblt2014/shared/system/speaker_company_logos/22/big_thumb/kwamecorpda93.jpg]
[mblt.shared/mblt2014/shared/system/speaker_logos/13/big_thumb/carvel1c64.png]
[mblt.shared/mblt2014/shared/system/speaker_company_logos/13/big_thumb/soundcloud0c6a.png]
[mblt.shared/mblt2014/shared/system/speaker_logos/49/big_thumb/Samia_ABARAa42c.jpg]
[mblt.shared/mblt2014/shared/system/speaker_company_logos/49/big_thumb/Logo_AT-Internet_Blueaaf2.jpg]
[mblt.shared/mblt2014/shared/system/speaker_logos/41/big_thumb/pisarevskyfe9c.png]
[mblt.shared/mblt2014/shared/system/speaker_company_logos/41/big_thumb/mobio288a.png]
[mblt.shared/mblt2014/shared/system/speaker_logos/44/big_thumb/bayram768d.jpg]
[mblt.shared/mblt2014/shared/system/speaker_company_logos/44/big_thumb/empatika04cb.jpg]
[mblt.shared/mblt2014/shared/system/speaker_logos/43/big_thumb/Henke60b7.jpg]
[mblt.shared/mblt2014/shared/system/speaker_company_logos/43/big_thumb/criteof39f.jpg]
[mblt.shared/mblt2014/shared/system/speaker_logos/65/big_thumb/melnikovb5f9.jpg]
[mblt.shared/mblt2014/shared/system/speaker_company_logos/65/big_thumb/b-head-logo.ruad80.png]
[mblt.shared/mblt2014/shared/system/speaker_logos/62/big_thumb/lisovskiy938e.jpg]
[mblt.shared/mblt2014/shared/system/speaker_company_logos/62/big_thumb/litres9af2.png]
[mblt.shared/mblt2014/shared/system/speaker_logos/37/big_thumb/LINE_kohta_fujii_profilea220.jpg]
[mblt.shared/mblt2014/shared/system/speaker_company_logos/37/big_thumb/line4bd3.png]
[mblt.shared/mblt2014/shared/system/speaker_logos/54/big_thumb/2867cc08d0d.jpg]
[mblt.shared/mblt2014/shared/system/speaker_company_logos/54/big_thumb/d02f8db632c2c2c492c23ec2b2d09499ea9a796410e6.jpg]
[mblt.shared/mblt2014/shared/system/speaker_logos/69/big_thumb/A-M9a9d.png]
[mblt.shared/mblt2014/shared/system/speaker_company_logos/69/big_thumb/logo_cctldf47e.png]
[mblt.shared/mblt2014/shared/system/speaker_logos/51/big_thumb/samorodov9e15.jpg]
[mblt.shared/mblt2014/shared/system/speaker_company_logos/51/big_thumb/логотип-авито88da.png]
[en/speakers.html]
[ru/timetable.html]
[mblt.shared/mblt2014/shared/system/room_logo_ens/2/medium/hall-1.scheme.end610.png]
[mblt.shared/mblt2014/shared/system/speaker_logos/55/small_thumb/beloded6435.png]
[assets/icons/ico-section-group-3c1f4b7289cee2656c6a43ef38f4e364.png]
[mblt.shared/mblt2014/shared/system/speaker_logos/32/small_thumb/Pedgeon73cf.jpg]
[mblt.shared/mblt2014/shared/system/speaker_logos/48/small_thumb/filippovb5f8.jpg]
[mblt.shared/mblt2014/shared/system/speaker_logos/24/small_thumb/josephe651.jpg]
[mblt.shared/mblt2014/shared/system/speaker_logos/30/small_thumb/LL7A7522c511.jpg]
[mblt.shared/mblt2014/shared/system/speaker_logos/56/small_thumb/kolondraba74.png]
[mblt.shared/mblt2014/shared/system/speaker_logos/21/small_thumb/makeev89e9.png]
[mblt.shared/mblt2014/shared/system/speaker_logos/26/small_thumb/kozlovc82e.jpg]
[mblt.shared/mblt2014/shared/system/speaker_logos/34/small_thumb/Konopleva72a.png]
[mblt.shared/mblt2014/shared/system/speaker_logos/49/small_thumb/Samia_ABARAa42c.jpg]
[mblt.shared/mblt2014/shared/system/speaker_logos/33/small_thumb/tarasov302f.png]
[mblt.shared/mblt2014/shared/system/speaker_logos/35/small_thumb/sebastian49eb.jpg]
[mblt.shared/mblt2014/shared/system/speaker_company_logos/35/big_thumb/startupgermanylogo49eb.png]
[mblt.shared/mblt2014/shared/system/speaker_logos/44/small_thumb/bayram768d.jpg]
[mblt.shared/mblt2014/shared/system/speaker_logos/13/small_thumb/carvel1c64.png]
[mblt.shared/mblt2014/shared/system/speaker_logos/61/small_thumb/abdulnasyrov8988.jpg]
[mblt.shared/mblt2014/shared/system/speaker_logos/62/small_thumb/lisovskiy938e.jpg]
[mblt.shared/mblt2014/shared/system/speaker_logos/45/small_thumb/osterdahlb2da.png]
[assets/icons/ico-section-break-8f9e1e5a402f8f0a096ba3ff89044386.png]
[mblt.shared/mblt2014/shared/system/speaker_logos/41/small_thumb/pisarevskyfe9c.png]
[mblt.shared/mblt2014/shared/system/speaker_logos/29/small_thumb/Nazna47eef.jpg]
[mblt.shared/mblt2014/shared/system/speaker_logos/39/small_thumb/maliy6f9e.png]
[mblt.shared/mblt2014/shared/system/speaker_company_logos/39/big_thumb/mail934d.png]
[mblt.shared/mblt2014/shared/system/speaker_logos/42/small_thumb/treneva7058.jpg]
[mblt.shared/mblt2014/shared/system/speaker_logos/43/small_thumb/Henke60b7.jpg]
[mblt.shared/mblt2014/shared/system/speaker_logos/65/small_thumb/melnikovb5f9.jpg]
[mblt.shared/mblt2014/shared/system/speaker_logos/37/small_thumb/LINE_kohta_fujii_profilea220.jpg]
[mblt.shared/mblt2014/shared/system/speaker_logos/40/small_thumb/harald2fab.jpg]
[mblt.shared/mblt2014/shared/system/speaker_logos/22/small_thumb/dressel7b9f.jpg]
[mblt.shared/mblt2014/shared/system/speaker_logos/38/small_thumb/000132210dbb.jpg]
[mblt.shared/mblt2014/shared/system/speaker_logos/28/small_thumb/2168_50294424292_4196_n648d.jpg]
[mblt.shared/mblt2014/shared/system/room_logo_ens/3/medium/hall-2.scheme.ene25b.png]
[mblt.shared/mblt2014/shared/system/speaker_logos/69/small_thumb/A-M9a9d.png]
[mblt.shared/mblt2014/shared/system/speaker_logos/63/small_thumb/Plushevskiyb806.jpg]
[mblt.shared/mblt2014/shared/system/speaker_logos/58/small_thumb/maksimov77ad.jpg]
[mblt.shared/mblt2014/shared/system/speaker_logos/50/small_thumb/чикуновeb90.jpg]
[mblt.shared/mblt2014/shared/system/speaker_logos/54/small_thumb/2867cc08d0d.jpg]
[mblt.shared/mblt2014/shared/system/speaker_logos/53/small_thumb/ee801da46480595c45eaa8c40471ac7c7006f3f4b1a6.jpg]
[mblt.shared/mblt2014/shared/system/speaker_logos/52/small_thumb/yakushev50d2.jpg]
[mblt.shared/mblt2014/shared/system/speaker_logos/51/small_thumb/samorodov9e15.jpg]
[mblt.shared/mblt2014/shared/system/speaker_logos/60/small_thumb/Raevskiy05f8.png]
[mblt.shared/mblt2014/shared/system/speaker_logos/66/small_thumb/elenskiy096a.png]
[mblt.shared/mblt2014/shared/system/speaker_logos/68/small_thumb/Korolevfef9.jpg]
[mblt.shared/mblt2014/shared/system/speaker_logos/64/small_thumb/bogolyubov3179.jpg]
[mblt.shared/mblt2014/shared/system/speaker_logos/67/small_thumb/zaichenkoedef.jpg]
[en/timetable.html]
[ru/news.html]
[en/news/21.html]
[mblt.shared/mblt2014/shared/system/news_images/21/big_thumb/10309215_603662309730444_39806824360892664_n5b53.jpg]
[en/news/18.html]
[mblt.shared/mblt2014/shared/system/news_images/18/big_thumb/10330383_603664579730217_912850700206710694_nbc95.jpg]
[en/news/15.html]
[mblt.shared/mblt2014/shared/system/news_images/15/big_thumb/10262034_603665583063450_6696726411258716723_nef8f.jpg]
[en/news/12.html]
[mblt.shared/mblt2014/shared/system/news_images/12/big_thumb/10406594_603667013063307_6947573529114452857_nc8aa.jpg]
[en/news/8.html]
[mblt.shared/mblt2014/shared/system/news_images/8/big_thumb/line-messenger481a.png]
[en/news/5.html]
[mblt.shared/mblt2014/shared/system/news_images/5/big_thumb/facebook_mobileappdee3.jpg]
[en/news/2.html]
[en/news/20.html]
[mblt.shared/mblt2014/shared/system/news_images/20/big_thumb/1441169_603662773063731_2976499210356654109_n95e3.jpg]
[en/news/17.html]
[mblt.shared/mblt2014/shared/system/news_images/17/big_thumb/10363367_603665793063429_7166470844584135066_nde47.jpg]
[en/news/14.html]
[mblt.shared/mblt2014/shared/system/news_images/14/big_thumb/12725_603667179729957_7311433373075333218_nd792.jpg]
[en/news/11.html]
[mblt.shared/mblt2014/shared/system/news_images/11/big_thumb/MBLT_banner_1920x1080_aviasalesd44f.png]
[en/news/7.html]
[mblt.shared/mblt2014/shared/system/news_images/7/big_thumb/facebook_uber1fc21.jpg]
[en/news/4.html]
[mblt.shared/mblt2014/shared/system/news_images/4/big_thumb/titlebf94.png]
[en/news/1.html]
[en/news/19.html]
[mblt.shared/mblt2014/shared/system/news_images/19/big_thumb/10390012_603663696396972_3628970733848522618_na1fc.jpg]
[en/news/16.html]
[mblt.shared/mblt2014/shared/system/news_images/16/big_thumb/10365739_603663959730279_9065893840434379451_nb9e6.jpg]
[en/news/13.html]
[mblt.shared/mblt2014/shared/system/news_images/13/big_thumb/1958487_603666833063325_5815300270285810788_nc7cc.jpg]
[en/news/9.html]
[mblt.shared/mblt2014/shared/system/news_images/9/big_thumb/отлн14631.jpg]
[en/news/6.html]
[mblt.shared/mblt2014/shared/system/news_images/6/big_thumb/d2ac8ef7aee9e2f310db9cae72da23c6248d.jpg]
[en/news/3.html]
[mblt.shared/mblt2014/shared/system/news_images/3/big_thumb/facebook_opera1fc1.jpg]
[en/news.html]
[ru/contacts.html]
[mblt.shared/mblt2014/shared/system/avatars/2/original/natalia-povarova188c.jpg]
[mblt.shared/mblt2014/shared/system/avatars/1/original/anton-krokhmalyuk46ad.jpg]
[mblt.shared/mblt2014/shared/system/avatars/3/original/olga-truskova36bd.jpg]
[assets/appstore-uber-d3a574e160af3be31f0358073ee97a06.png]
[assets/google-play-uber-f38b0165c09ef93abab8fe2a9c7729ab.png]
[assets/uber-5595778b4f71d1f195ffba08378143aa.png]
[assets/mercure-de5f7feca17528cca84aa4822677bb4d.png]
[en/contacts.html]
[ru.html]
[fonts/PFDinTextCompPro-Medium.html]
[fonts/PFDinTextCompPro-Medium-2.html]
[fonts/PFDinTextCompPro-Medium-3.html]
[fonts/PFDinTextCompPro-Medium-4.html]
[ru/speakers.html]
[mblt.shared/mblt2014/shared/system/room_logos/2/medium/hall-1.scheme.ru5aa5.png]
[mblt.shared/mblt2014/shared/system/room_logos/3/medium/hall-2.scheme.rua108.png]
[ru/timetable.html]
[ru/news/21.html]
[ru/news/18.html]
[ru/news/15.html]
[ru/news/12.html]
[ru/news/8.html]
[ru/news/5.html]
[ru/news/2.html]
[ru/news/20.html]
[ru/news/17.html]
[ru/news/14.html]
[ru/news/11.html]
[ru/news/7.html]
[ru/news/4.html]
[ru/news/1.html]
[ru/news/19.html]
[ru/news/16.html]
[ru/news/13.html]
[ru/news/9.html]
[ru/news/6.html]
[ru/news.html]
[en/news/21.html]
[en/news/18.html]
[en/news/15.html]
[en/news/12.html]
[ru/news/3.html]
[en/news/8.html]
[en/news/5.html]
[en/news/2.html]
[en/news/20.html]
[en/news/17.html]
[en/news/14.html]
[en/news/11.html]
[en/news/7.html]
[en/news/4.html]
[en/news/1.html]
[en/news/19.html]
[en/news/16.html]
[en/news/13.html]
[en/news/9.html]
[en/news/6.html]
[en/news/3.html]
[ru/contacts.html]
[ru/news/21.html]
[system/partner_logos/1/medium/e-legion7e0c.png]
[system/speaker_company_logos/38/big_thumb/samsung-logo6e42.jpeg]
[ru/news/18.html]
[ru/news/15.html]
[ru/news/12.html]
[ru/news/8.html]
[ru/news/5.html]
[ru/news/2.html]
[ru/news/20.html]
[system/speaker_logos/29/big_thumb/Nazna47eef.jpg]
[ru/news/17.html]
[ru/news/14.html]
[ru/news/11.html]
[ru/news/7.html]
[ru/news/4.html]
[ru/news/1.html]
[ru/news/19.html]
[ru/news/16.html]
[ru/news/13.html]
[ru/news/9.html]
[ru/news/6.html]
[ru/news/3.html]
[en/news/index.html]
[hphotos-frc3/t1.0-9/1976988_580313208732021_2347240296750764278_n.png]
[ru/news/index.html]
